// Jest Snapshot v1, https://goo.gl/fbAQLP

exports[`<GurmukhiKeyboard /> renders correctly 1`] = `
<StaticRouter
  basename=""
  context={Object {}}
  location="/"
>
  <Router
    history={
      Object {
        "action": "POP",
        "block": [Function],
        "createHref": [Function],
        "go": [Function],
        "goBack": [Function],
        "goForward": [Function],
        "listen": [Function],
        "location": Object {
          "hash": "",
          "pathname": "/",
          "search": "",
          "state": undefined,
        },
        "push": [Function],
        "replace": [Function],
      }
    }
  >
    <GurmukhiKeyboard
      active={true}
      onKeyClick={[MockFunction]}
      value="mere"
    >
      <div
        className="gurmukhi-keyboard gurbani-font active"
      >
        <div
          className="page"
          id="gurmukhi-keyboard-page-1"
          key="0"
        >
          <div
            className="keyboard-row"
            key="0-0"
          >
            <div
              className="keyboard-row-set"
            >
              <ButtonList
                buttons={
                  Array [
                    "a",
                    "A",
                    "e",
                    "s",
                    "h",
                  ]
                }
                onButtonClick={[Function]}
              >
                <button
                  data-value="a"
                  key="0"
                  onClick={[Function]}
                  type="button"
                >
                  a
                </button>
                <button
                  data-value="A"
                  key="1"
                  onClick={[Function]}
                  type="button"
                >
                  A
                </button>
                <button
                  data-value="e"
                  key="2"
                  onClick={[Function]}
                  type="button"
                >
                  e
                </button>
                <button
                  data-value="s"
                  key="3"
                  onClick={[Function]}
                  type="button"
                >
                  s
                </button>
                <button
                  data-value="h"
                  key="4"
                  onClick={[Function]}
                  type="button"
                >
                  h
                </button>
              </ButtonList>
            </div>
            <div
              className="keyboard-row-set"
            >
              <ButtonList
                buttons={
                  Array [
                    "k",
                    "K",
                    "g",
                    "G",
                    "|",
                  ]
                }
                onButtonClick={[Function]}
              >
                <button
                  data-value="k"
                  key="0"
                  onClick={[Function]}
                  type="button"
                >
                  k
                </button>
                <button
                  data-value="K"
                  key="1"
                  onClick={[Function]}
                  type="button"
                >
                  K
                </button>
                <button
                  data-value="g"
                  key="2"
                  onClick={[Function]}
                  type="button"
                >
                  g
                </button>
                <button
                  data-value="G"
                  key="3"
                  onClick={[Function]}
                  type="button"
                >
                  G
                </button>
                <button
                  data-value="|"
                  key="4"
                  onClick={[Function]}
                  type="button"
                >
                  |
                </button>
              </ButtonList>
            </div>
          </div>
          <div
            className="keyboard-row"
            key="0-1"
          >
            <div
              className="keyboard-row-set"
            >
              <ButtonList
                buttons={
                  Array [
                    "c",
                    "C",
                    "j",
                    "J",
                    "\\\\",
                  ]
                }
                onButtonClick={[Function]}
              >
                <button
                  data-value="c"
                  key="0"
                  onClick={[Function]}
                  type="button"
                >
                  c
                </button>
                <button
                  data-value="C"
                  key="1"
                  onClick={[Function]}
                  type="button"
                >
                  C
                </button>
                <button
                  data-value="j"
                  key="2"
                  onClick={[Function]}
                  type="button"
                >
                  j
                </button>
                <button
                  data-value="J"
                  key="3"
                  onClick={[Function]}
                  type="button"
                >
                  J
                </button>
                <button
                  data-value="\\\\"
                  key="4"
                  onClick={[Function]}
                  type="button"
                >
                  \\
                </button>
              </ButtonList>
            </div>
            <div
              className="keyboard-row-set"
            >
              <ButtonList
                buttons={
                  Array [
                    "t",
                    "T",
                    "f",
                    "F",
                    "x",
                  ]
                }
                onButtonClick={[Function]}
              >
                <button
                  data-value="t"
                  key="0"
                  onClick={[Function]}
                  type="button"
                >
                  t
                </button>
                <button
                  data-value="T"
                  key="1"
                  onClick={[Function]}
                  type="button"
                >
                  T
                </button>
                <button
                  data-value="f"
                  key="2"
                  onClick={[Function]}
                  type="button"
                >
                  f
                </button>
                <button
                  data-value="F"
                  key="3"
                  onClick={[Function]}
                  type="button"
                >
                  F
                </button>
                <button
                  data-value="x"
                  key="4"
                  onClick={[Function]}
                  type="button"
                >
                  x
                </button>
              </ButtonList>
            </div>
          </div>
          <div
            className="keyboard-row"
            key="0-2"
          >
            <div
              className="keyboard-row-set"
            >
              <ButtonList
                buttons={
                  Array [
                    "q",
                    "Q",
                    "d",
                    "D",
                    "n",
                  ]
                }
                onButtonClick={[Function]}
              >
                <button
                  data-value="q"
                  key="0"
                  onClick={[Function]}
                  type="button"
                >
                  q
                </button>
                <button
                  data-value="Q"
                  key="1"
                  onClick={[Function]}
                  type="button"
                >
                  Q
                </button>
                <button
                  data-value="d"
                  key="2"
                  onClick={[Function]}
                  type="button"
                >
                  d
                </button>
                <button
                  data-value="D"
                  key="3"
                  onClick={[Function]}
                  type="button"
                >
                  D
                </button>
                <button
                  data-value="n"
                  key="4"
                  onClick={[Function]}
                  type="button"
                >
                  n
                </button>
              </ButtonList>
            </div>
            <div
              className="keyboard-row-set"
            >
              <ButtonList
                buttons={
                  Array [
                    "p",
                    "P",
                    "b",
                    "B",
                    "m",
                  ]
                }
                onButtonClick={[Function]}
              >
                <button
                  data-value="p"
                  key="0"
                  onClick={[Function]}
                  type="button"
                >
                  p
                </button>
                <button
                  data-value="P"
                  key="1"
                  onClick={[Function]}
                  type="button"
                >
                  P
                </button>
                <button
                  data-value="b"
                  key="2"
                  onClick={[Function]}
                  type="button"
                >
                  b
                </button>
                <button
                  data-value="B"
                  key="3"
                  onClick={[Function]}
                  type="button"
                >
                  B
                </button>
                <button
                  data-value="m"
                  key="4"
                  onClick={[Function]}
                  type="button"
                >
                  m
                </button>
              </ButtonList>
            </div>
          </div>
          <div
            className="keyboard-row"
            key="0-3"
          >
            <div
              className="keyboard-row-set"
            >
              <ButtonList
                buttons={
                  Array [
                    "X",
                    "r",
                    "l",
                    "v",
                    "V",
                  ]
                }
                onButtonClick={[Function]}
              >
                <button
                  data-value="X"
                  key="0"
                  onClick={[Function]}
                  type="button"
                >
                  X
                </button>
                <button
                  data-value="r"
                  key="1"
                  onClick={[Function]}
                  type="button"
                >
                  r
                </button>
                <button
                  data-value="l"
                  key="2"
                  onClick={[Function]}
                  type="button"
                >
                  l
                </button>
                <button
                  data-value="v"
                  key="3"
                  onClick={[Function]}
                  type="button"
                >
                  v
                </button>
                <button
                  data-value="V"
                  key="4"
                  onClick={[Function]}
                  type="button"
                >
                  V
                </button>
              </ButtonList>
            </div>
            <div
              className="keyboard-row-set"
            >
              <button
                type="button"
              >
                 
              </button>
              <button
                className="active"
                data-action="page-1"
                key="1"
                onClick={[Function]}
                title="Page 1"
                type="button"
              >
                1
              </button>
              <button
                className=""
                data-action="page-2"
                key="2"
                onClick={[Function]}
                title="Page 2"
                type="button"
              >
                2
              </button>
              <button
                data-action="bksp"
                onClick={[Function]}
                title="Backspace"
                type="button"
              >
                <Arrow>
                  <svg
                    height="1em"
                    viewBox="0 0 448 512"
                    width="1em"
                  >
                    <path
                      d="M134.059 296H436c6.627 0 12-5.373 12-12v-56c0-6.627-5.373-12-12-12H134.059v-46.059c0-21.382-25.851-32.09-40.971-16.971L7.029 239.029c-9.373 9.373-9.373 24.569 0 33.941l86.059 86.059c15.119 15.119 40.971 4.411 40.971-16.971V296z"
                    />
                  </svg>
                </Arrow>
              </button>
              <Link
                replace={false}
                to="/help#Web-how-to-type-gurmukhi-with-keyboard"
              >
                <a
                  href="/help#Web-how-to-type-gurmukhi-with-keyboard"
                  onClick={[Function]}
                >
                  <button
                    type="button"
                  >
                    ?
                  </button>
                </a>
              </Link>
            </div>
          </div>
        </div>
      </div>
    </GurmukhiKeyboard>
  </Router>
</StaticRouter>
`;
