// Jest Snapshot v1, https://goo.gl/fbAQLP

exports[`Multiple Shabads Display should render successfully 1`] = `
<div>
  <aside
    class="multiple-shabads-display enable"
  >
    <div
      class="multiple-shabads-display--header"
    >
      <h3>
        Multi View
      </h3>
      <p>
        View multiple Shabads on one page. Search for a Shabad and click the + icon next to the search result or at the top of the page on any Shabad. Once added, simply click the "display" button at the bottom of this panel to show your custom page of Shabads. 
      </p>
    </div>
    <div
      class="notification"
    >
      You have not added any Shabads yet. Add Shabads by using the + button next to the results or on top of pages to add an entry.
    </div>
    <ul />
    <div
      class="multiple-shabads-display--footer"
    >
      <button
        class="btn btn-secondary"
      >
        Clear
      </button>
      <button
        class="btn btn-primary"
        disabled=""
      >
        Display
      </button>
    </div>
    <button
      class="close"
      title="Close"
    >
      ×
    </button>
  </aside>
</div>
`;
