// Jest Snapshot v1, https://goo.gl/fbAQLP

exports[`Multiple Shabads Display should render successfully 1`] = `
<div>
  <aside
    class="multiple-shabads-display enable"
  >
    <div
      class="multiple-shabads-display--header"
    >
      <h3>
        Multi View
      </h3>
      <p>
        Lorem Ipsum is simply dummy text of the printing and typesetting industry. 
      </p>
    </div>
    <div
      class="notification"
    >
      Please search for shabads and press + button next to the results to add an entry
    </div>
    <ul />
    <div
      class="multiple-shabads-display--footer"
    >
      <button
        class="btn btn-secondary"
      >
        Clear
      </button>
      <button
        class="btn btn-primary"
        disabled=""
      >
        Display
      </button>
    </div>
    <button
      class="close toast-notification-close-button"
      title="Close"
    >
      ×
    </button>
  </aside>
</div>
`;
