// Jest Snapshot v1, https://goo.gl/fbAQLP

exports[`<Larivaar /> renders children when disabled 1`] = `
<div>
  <span
    class=" "
    currentitem="false"
    data-background-color="#000000"
    data-event="click"
    data-for="mahankoshTooltip"
    data-place="top"
    data-tip="..."
  >
     Vahi 
  </span>
  <span
    class=" "
    currentitem="false"
    data-background-color="#000000"
    data-event="click"
    data-for="mahankoshTooltip"
    data-place="top"
    data-tip="..."
  >
     Guru 
  </span>
  <div
    class="__react_component_tooltip tb6553c1d-8a6d-4176-8d89-64dbb4163436 place-top type-dark"
    data-id="tooltip"
    id="mahankoshTooltip"
  >
    <style>
      
  	.tb6553c1d-8a6d-4176-8d89-64dbb4163436 {
	    color: #fff;
	    background: #222;
	    border: 1px solid transparent;
  	}

  	.tb6553c1d-8a6d-4176-8d89-64dbb4163436.place-top {
        margin-top: -10px;
    }
    .tb6553c1d-8a6d-4176-8d89-64dbb4163436.place-top::before {
        border-top: 8px solid transparent;
    }
    .tb6553c1d-8a6d-4176-8d89-64dbb4163436.place-top::after {
        border-left: 8px solid transparent;
        border-right: 8px solid transparent;
        bottom: -6px;
        left: 50%;
        margin-left: -8px;
        border-top-color: #222;
        border-top-style: solid;
        border-top-width: 6px;
    }

    .tb6553c1d-8a6d-4176-8d89-64dbb4163436.place-bottom {
        margin-top: 10px;
    }
    .tb6553c1d-8a6d-4176-8d89-64dbb4163436.place-bottom::before {
        border-bottom: 8px solid transparent;
    }
    .tb6553c1d-8a6d-4176-8d89-64dbb4163436.place-bottom::after {
        border-left: 8px solid transparent;
        border-right: 8px solid transparent;
        top: -6px;
        left: 50%;
        margin-left: -8px;
        border-bottom-color: #222;
        border-bottom-style: solid;
        border-bottom-width: 6px;
    }

    .tb6553c1d-8a6d-4176-8d89-64dbb4163436.place-left {
        margin-left: -10px;
    }
    .tb6553c1d-8a6d-4176-8d89-64dbb4163436.place-left::before {
        border-left: 8px solid transparent;
    }
    .tb6553c1d-8a6d-4176-8d89-64dbb4163436.place-left::after {
        border-top: 5px solid transparent;
        border-bottom: 5px solid transparent;
        right: -6px;
        top: 50%;
        margin-top: -4px;
        border-left-color: #222;
        border-left-style: solid;
        border-left-width: 6px;
    }

    .tb6553c1d-8a6d-4176-8d89-64dbb4163436.place-right {
        margin-left: 10px;
    }
    .tb6553c1d-8a6d-4176-8d89-64dbb4163436.place-right::before {
        border-right: 8px solid transparent;
    }
    .tb6553c1d-8a6d-4176-8d89-64dbb4163436.place-right::after {
        border-top: 5px solid transparent;
        border-bottom: 5px solid transparent;
        left: -6px;
        top: 50%;
        margin-top: -4px;
        border-right-color: #222;
        border-right-style: solid;
        border-right-width: 6px;
    }
  
    </style>
    
  </div>
</div>
`;
